// Jest Snapshot v1, https://goo.gl/fbAQLP

exports[`parseMultilog 1`] = `
Array [
  Object {
    "deviceId": 1234,
    "epoch": 1534586814000,
    "eventId": 0,
    "eventValue": 0,
    "id": 65536,
    "parameters": Object {
      "A": Object {
        "description": "",
        "factor": 100,
        "index": 0,
        "label": "A",
        "name": "cpuTemperature",
        "originalValue": 70,
        "unit": "°C",
        "value": 0.7,
        "writable": false,
      },
      "B": Object {
        "description": "Free memory in percent",
        "factor": 1,
        "index": 1,
        "label": "B",
        "name": "memFree",
        "originalValue": 14,
        "unit": "%",
        "value": 14,
        "writable": false,
      },
      "C": Object {
        "description": "Free swap in percent",
        "factor": 1,
        "index": 2,
        "label": "C",
        "name": "swapFree",
        "originalValue": 56,
        "unit": "%",
        "value": 56,
        "writable": false,
      },
      "D": Object {
        "description": "File system read in kb",
        "factor": 1,
        "index": 3,
        "label": "D",
        "name": "fsRead",
        "originalValue": 0,
        "unit": "kb",
        "value": 0,
        "writable": false,
      },
      "E": Object {
        "description": "File system read in kb",
        "factor": 1,
        "index": 4,
        "label": "E",
        "name": "fsWrite",
        "originalValue": 0,
        "unit": "kb",
        "value": 0,
        "writable": false,
      },
      "F": Object {
        "description": "File system read in kb",
        "factor": 1,
        "index": 5,
        "label": "F",
        "name": "networkRead",
        "originalValue": 0,
        "unit": "kb",
        "value": 0,
        "writable": false,
      },
      "G": Object {
        "description": "File system read in kb",
        "factor": 1,
        "index": 6,
        "label": "G",
        "name": "networkWrite",
        "originalValue": 0,
        "unit": "kb",
        "value": 0,
        "writable": false,
      },
      "H": Object {
        "description": "Total load",
        "factor": 1,
        "index": 7,
        "label": "H",
        "name": "load",
        "originalValue": 19,
        "unit": "%",
        "value": 19,
        "writable": false,
      },
      "I": Object {
        "description": "Load from user",
        "factor": 1,
        "index": 8,
        "label": "I",
        "name": "loadUser",
        "originalValue": 12,
        "unit": "%",
        "value": 12,
        "writable": false,
      },
      "J": Object {
        "description": "Load from system",
        "factor": 1,
        "index": 9,
        "label": "J",
        "name": "loadSystem",
        "originalValue": 6,
        "unit": "%",
        "value": 6,
        "writable": false,
      },
      "K": Object {
        "description": "Load for Nice",
        "factor": 1,
        "index": 10,
        "label": "K",
        "name": "loadNice",
        "originalValue": 0,
        "unit": "%",
        "value": 0,
        "writable": false,
      },
      "L": Object {
        "description": "Idle percent of time",
        "factor": 1,
        "index": 11,
        "label": "L",
        "name": "loadIdle",
        "originalValue": 81,
        "unit": "%",
        "value": 81,
        "writable": false,
      },
      "M": Object {
        "description": "Load due to IRQ",
        "factor": 1,
        "index": 12,
        "label": "M",
        "name": "loadIrq",
        "originalValue": 1,
        "unit": "%",
        "value": 1,
        "writable": false,
      },
      "N": Object {
        "description": "Minimal percent spaced used in a filesystem",
        "factor": 1,
        "index": 13,
        "label": "N",
        "name": "fsMinUsed",
        "originalValue": 17,
        "unit": "%",
        "value": 17,
        "writable": false,
      },
      "O": Object {
        "description": "Maximal percent spaced used in a filesystem",
        "factor": 1,
        "index": 14,
        "label": "O",
        "name": "fsMaxUsed",
        "originalValue": 64,
        "unit": "%",
        "value": 64,
        "writable": false,
      },
      "P": Object {
        "factor": 1,
        "index": 15,
        "label": "P",
        "originalValue": undefined,
        "value": undefined,
        "variable": "P",
      },
    },
    "parametersArray": Array [
      Object {
        "description": "",
        "factor": 100,
        "index": 0,
        "label": "A",
        "name": "cpuTemperature",
        "originalValue": 70,
        "unit": "°C",
        "value": 0.7,
        "writable": false,
      },
      Object {
        "description": "Free memory in percent",
        "factor": 1,
        "index": 1,
        "label": "B",
        "name": "memFree",
        "originalValue": 14,
        "unit": "%",
        "value": 14,
        "writable": false,
      },
      Object {
        "description": "Free swap in percent",
        "factor": 1,
        "index": 2,
        "label": "C",
        "name": "swapFree",
        "originalValue": 56,
        "unit": "%",
        "value": 56,
        "writable": false,
      },
      Object {
        "description": "File system read in kb",
        "factor": 1,
        "index": 3,
        "label": "D",
        "name": "fsRead",
        "originalValue": 0,
        "unit": "kb",
        "value": 0,
        "writable": false,
      },
      Object {
        "description": "File system read in kb",
        "factor": 1,
        "index": 4,
        "label": "E",
        "name": "fsWrite",
        "originalValue": 0,
        "unit": "kb",
        "value": 0,
        "writable": false,
      },
      Object {
        "description": "File system read in kb",
        "factor": 1,
        "index": 5,
        "label": "F",
        "name": "networkRead",
        "originalValue": 0,
        "unit": "kb",
        "value": 0,
        "writable": false,
      },
      Object {
        "description": "File system read in kb",
        "factor": 1,
        "index": 6,
        "label": "G",
        "name": "networkWrite",
        "originalValue": 0,
        "unit": "kb",
        "value": 0,
        "writable": false,
      },
      Object {
        "description": "Total load",
        "factor": 1,
        "index": 7,
        "label": "H",
        "name": "load",
        "originalValue": 19,
        "unit": "%",
        "value": 19,
        "writable": false,
      },
      Object {
        "description": "Load from user",
        "factor": 1,
        "index": 8,
        "label": "I",
        "name": "loadUser",
        "originalValue": 12,
        "unit": "%",
        "value": 12,
        "writable": false,
      },
      Object {
        "description": "Load from system",
        "factor": 1,
        "index": 9,
        "label": "J",
        "name": "loadSystem",
        "originalValue": 6,
        "unit": "%",
        "value": 6,
        "writable": false,
      },
      Object {
        "description": "Load for Nice",
        "factor": 1,
        "index": 10,
        "label": "K",
        "name": "loadNice",
        "originalValue": 0,
        "unit": "%",
        "value": 0,
        "writable": false,
      },
      Object {
        "description": "Idle percent of time",
        "factor": 1,
        "index": 11,
        "label": "L",
        "name": "loadIdle",
        "originalValue": 81,
        "unit": "%",
        "value": 81,
        "writable": false,
      },
      Object {
        "description": "Load due to IRQ",
        "factor": 1,
        "index": 12,
        "label": "M",
        "name": "loadIrq",
        "originalValue": 1,
        "unit": "%",
        "value": 1,
        "writable": false,
      },
      Object {
        "description": "Minimal percent spaced used in a filesystem",
        "factor": 1,
        "index": 13,
        "label": "N",
        "name": "fsMinUsed",
        "originalValue": 17,
        "unit": "%",
        "value": 17,
        "writable": false,
      },
      Object {
        "description": "Maximal percent spaced used in a filesystem",
        "factor": 1,
        "index": 14,
        "label": "O",
        "name": "fsMaxUsed",
        "originalValue": 64,
        "unit": "%",
        "value": 64,
        "writable": false,
      },
      Object {
        "factor": 1,
        "index": 15,
        "label": "P",
        "originalValue": undefined,
        "value": undefined,
        "variable": "P",
      },
    ],
  },
  Object {
    "deviceId": 1234,
    "epoch": 1534586817000,
    "eventId": 0,
    "eventValue": 0,
    "id": 65537,
    "parameters": Object {
      "A": Object {
        "description": "",
        "factor": 100,
        "index": 0,
        "label": "A",
        "name": "cpuTemperature",
        "originalValue": 70,
        "unit": "°C",
        "value": 0.7,
        "writable": false,
      },
      "B": Object {
        "description": "Free memory in percent",
        "factor": 1,
        "index": 1,
        "label": "B",
        "name": "memFree",
        "originalValue": 14,
        "unit": "%",
        "value": 14,
        "writable": false,
      },
      "C": Object {
        "description": "Free swap in percent",
        "factor": 1,
        "index": 2,
        "label": "C",
        "name": "swapFree",
        "originalValue": 56,
        "unit": "%",
        "value": 56,
        "writable": false,
      },
      "D": Object {
        "description": "File system read in kb",
        "factor": 1,
        "index": 3,
        "label": "D",
        "name": "fsRead",
        "originalValue": 0,
        "unit": "kb",
        "value": 0,
        "writable": false,
      },
      "E": Object {
        "description": "File system read in kb",
        "factor": 1,
        "index": 4,
        "label": "E",
        "name": "fsWrite",
        "originalValue": 0,
        "unit": "kb",
        "value": 0,
        "writable": false,
      },
      "F": Object {
        "description": "File system read in kb",
        "factor": 1,
        "index": 5,
        "label": "F",
        "name": "networkRead",
        "originalValue": 0,
        "unit": "kb",
        "value": 0,
        "writable": false,
      },
      "G": Object {
        "description": "File system read in kb",
        "factor": 1,
        "index": 6,
        "label": "G",
        "name": "networkWrite",
        "originalValue": 0,
        "unit": "kb",
        "value": 0,
        "writable": false,
      },
      "H": Object {
        "description": "Total load",
        "factor": 1,
        "index": 7,
        "label": "H",
        "name": "load",
        "originalValue": 68,
        "unit": "%",
        "value": 68,
        "writable": false,
      },
      "I": Object {
        "description": "Load from user",
        "factor": 1,
        "index": 8,
        "label": "I",
        "name": "loadUser",
        "originalValue": 50,
        "unit": "%",
        "value": 50,
        "writable": false,
      },
      "J": Object {
        "description": "Load from system",
        "factor": 1,
        "index": 9,
        "label": "J",
        "name": "loadSystem",
        "originalValue": 16,
        "unit": "%",
        "value": 16,
        "writable": false,
      },
      "K": Object {
        "description": "Load for Nice",
        "factor": 1,
        "index": 10,
        "label": "K",
        "name": "loadNice",
        "originalValue": 0,
        "unit": "%",
        "value": 0,
        "writable": false,
      },
      "L": Object {
        "description": "Idle percent of time",
        "factor": 1,
        "index": 11,
        "label": "L",
        "name": "loadIdle",
        "originalValue": 32,
        "unit": "%",
        "value": 32,
        "writable": false,
      },
      "M": Object {
        "description": "Load due to IRQ",
        "factor": 1,
        "index": 12,
        "label": "M",
        "name": "loadIrq",
        "originalValue": 2,
        "unit": "%",
        "value": 2,
        "writable": false,
      },
      "N": Object {
        "description": "Minimal percent spaced used in a filesystem",
        "factor": 1,
        "index": 13,
        "label": "N",
        "name": "fsMinUsed",
        "originalValue": 17,
        "unit": "%",
        "value": 17,
        "writable": false,
      },
      "O": Object {
        "description": "Maximal percent spaced used in a filesystem",
        "factor": 1,
        "index": 14,
        "label": "O",
        "name": "fsMaxUsed",
        "originalValue": 64,
        "unit": "%",
        "value": 64,
        "writable": false,
      },
      "P": Object {
        "factor": 1,
        "index": 15,
        "label": "P",
        "originalValue": undefined,
        "value": undefined,
        "variable": "P",
      },
    },
    "parametersArray": Array [
      Object {
        "description": "",
        "factor": 100,
        "index": 0,
        "label": "A",
        "name": "cpuTemperature",
        "originalValue": 70,
        "unit": "°C",
        "value": 0.7,
        "writable": false,
      },
      Object {
        "description": "Free memory in percent",
        "factor": 1,
        "index": 1,
        "label": "B",
        "name": "memFree",
        "originalValue": 14,
        "unit": "%",
        "value": 14,
        "writable": false,
      },
      Object {
        "description": "Free swap in percent",
        "factor": 1,
        "index": 2,
        "label": "C",
        "name": "swapFree",
        "originalValue": 56,
        "unit": "%",
        "value": 56,
        "writable": false,
      },
      Object {
        "description": "File system read in kb",
        "factor": 1,
        "index": 3,
        "label": "D",
        "name": "fsRead",
        "originalValue": 0,
        "unit": "kb",
        "value": 0,
        "writable": false,
      },
      Object {
        "description": "File system read in kb",
        "factor": 1,
        "index": 4,
        "label": "E",
        "name": "fsWrite",
        "originalValue": 0,
        "unit": "kb",
        "value": 0,
        "writable": false,
      },
      Object {
        "description": "File system read in kb",
        "factor": 1,
        "index": 5,
        "label": "F",
        "name": "networkRead",
        "originalValue": 0,
        "unit": "kb",
        "value": 0,
        "writable": false,
      },
      Object {
        "description": "File system read in kb",
        "factor": 1,
        "index": 6,
        "label": "G",
        "name": "networkWrite",
        "originalValue": 0,
        "unit": "kb",
        "value": 0,
        "writable": false,
      },
      Object {
        "description": "Total load",
        "factor": 1,
        "index": 7,
        "label": "H",
        "name": "load",
        "originalValue": 68,
        "unit": "%",
        "value": 68,
        "writable": false,
      },
      Object {
        "description": "Load from user",
        "factor": 1,
        "index": 8,
        "label": "I",
        "name": "loadUser",
        "originalValue": 50,
        "unit": "%",
        "value": 50,
        "writable": false,
      },
      Object {
        "description": "Load from system",
        "factor": 1,
        "index": 9,
        "label": "J",
        "name": "loadSystem",
        "originalValue": 16,
        "unit": "%",
        "value": 16,
        "writable": false,
      },
      Object {
        "description": "Load for Nice",
        "factor": 1,
        "index": 10,
        "label": "K",
        "name": "loadNice",
        "originalValue": 0,
        "unit": "%",
        "value": 0,
        "writable": false,
      },
      Object {
        "description": "Idle percent of time",
        "factor": 1,
        "index": 11,
        "label": "L",
        "name": "loadIdle",
        "originalValue": 32,
        "unit": "%",
        "value": 32,
        "writable": false,
      },
      Object {
        "description": "Load due to IRQ",
        "factor": 1,
        "index": 12,
        "label": "M",
        "name": "loadIrq",
        "originalValue": 2,
        "unit": "%",
        "value": 2,
        "writable": false,
      },
      Object {
        "description": "Minimal percent spaced used in a filesystem",
        "factor": 1,
        "index": 13,
        "label": "N",
        "name": "fsMinUsed",
        "originalValue": 17,
        "unit": "%",
        "value": 17,
        "writable": false,
      },
      Object {
        "description": "Maximal percent spaced used in a filesystem",
        "factor": 1,
        "index": 14,
        "label": "O",
        "name": "fsMaxUsed",
        "originalValue": 64,
        "unit": "%",
        "value": 64,
        "writable": false,
      },
      Object {
        "factor": 1,
        "index": 15,
        "label": "P",
        "originalValue": undefined,
        "value": undefined,
        "variable": "P",
      },
    ],
  },
  Object {
    "deviceId": 1234,
    "epoch": 1534586820000,
    "eventId": 0,
    "eventValue": 0,
    "id": 65538,
    "parameters": Object {
      "A": Object {
        "description": "",
        "factor": 100,
        "index": 0,
        "label": "A",
        "name": "cpuTemperature",
        "originalValue": 71,
        "unit": "°C",
        "value": 0.71,
        "writable": false,
      },
      "B": Object {
        "description": "Free memory in percent",
        "factor": 1,
        "index": 1,
        "label": "B",
        "name": "memFree",
        "originalValue": 14,
        "unit": "%",
        "value": 14,
        "writable": false,
      },
      "C": Object {
        "description": "Free swap in percent",
        "factor": 1,
        "index": 2,
        "label": "C",
        "name": "swapFree",
        "originalValue": 56,
        "unit": "%",
        "value": 56,
        "writable": false,
      },
      "D": Object {
        "description": "File system read in kb",
        "factor": 1,
        "index": 3,
        "label": "D",
        "name": "fsRead",
        "originalValue": 0,
        "unit": "kb",
        "value": 0,
        "writable": false,
      },
      "E": Object {
        "description": "File system read in kb",
        "factor": 1,
        "index": 4,
        "label": "E",
        "name": "fsWrite",
        "originalValue": 0,
        "unit": "kb",
        "value": 0,
        "writable": false,
      },
      "F": Object {
        "description": "File system read in kb",
        "factor": 1,
        "index": 5,
        "label": "F",
        "name": "networkRead",
        "originalValue": 2,
        "unit": "kb",
        "value": 2,
        "writable": false,
      },
      "G": Object {
        "description": "File system read in kb",
        "factor": 1,
        "index": 6,
        "label": "G",
        "name": "networkWrite",
        "originalValue": 2,
        "unit": "kb",
        "value": 2,
        "writable": false,
      },
      "H": Object {
        "description": "Total load",
        "factor": 1,
        "index": 7,
        "label": "H",
        "name": "load",
        "originalValue": 47,
        "unit": "%",
        "value": 47,
        "writable": false,
      },
      "I": Object {
        "description": "Load from user",
        "factor": 1,
        "index": 8,
        "label": "I",
        "name": "loadUser",
        "originalValue": 36,
        "unit": "%",
        "value": 36,
        "writable": false,
      },
      "J": Object {
        "description": "Load from system",
        "factor": 1,
        "index": 9,
        "label": "J",
        "name": "loadSystem",
        "originalValue": 10,
        "unit": "%",
        "value": 10,
        "writable": false,
      },
      "K": Object {
        "description": "Load for Nice",
        "factor": 1,
        "index": 10,
        "label": "K",
        "name": "loadNice",
        "originalValue": 0,
        "unit": "%",
        "value": 0,
        "writable": false,
      },
      "L": Object {
        "description": "Idle percent of time",
        "factor": 1,
        "index": 11,
        "label": "L",
        "name": "loadIdle",
        "originalValue": 53,
        "unit": "%",
        "value": 53,
        "writable": false,
      },
      "M": Object {
        "description": "Load due to IRQ",
        "factor": 1,
        "index": 12,
        "label": "M",
        "name": "loadIrq",
        "originalValue": 1,
        "unit": "%",
        "value": 1,
        "writable": false,
      },
      "N": Object {
        "description": "Minimal percent spaced used in a filesystem",
        "factor": 1,
        "index": 13,
        "label": "N",
        "name": "fsMinUsed",
        "originalValue": 17,
        "unit": "%",
        "value": 17,
        "writable": false,
      },
      "O": Object {
        "description": "Maximal percent spaced used in a filesystem",
        "factor": 1,
        "index": 14,
        "label": "O",
        "name": "fsMaxUsed",
        "originalValue": 64,
        "unit": "%",
        "value": 64,
        "writable": false,
      },
      "P": Object {
        "factor": 1,
        "index": 15,
        "label": "P",
        "originalValue": undefined,
        "value": undefined,
        "variable": "P",
      },
    },
    "parametersArray": Array [
      Object {
        "description": "",
        "factor": 100,
        "index": 0,
        "label": "A",
        "name": "cpuTemperature",
        "originalValue": 71,
        "unit": "°C",
        "value": 0.71,
        "writable": false,
      },
      Object {
        "description": "Free memory in percent",
        "factor": 1,
        "index": 1,
        "label": "B",
        "name": "memFree",
        "originalValue": 14,
        "unit": "%",
        "value": 14,
        "writable": false,
      },
      Object {
        "description": "Free swap in percent",
        "factor": 1,
        "index": 2,
        "label": "C",
        "name": "swapFree",
        "originalValue": 56,
        "unit": "%",
        "value": 56,
        "writable": false,
      },
      Object {
        "description": "File system read in kb",
        "factor": 1,
        "index": 3,
        "label": "D",
        "name": "fsRead",
        "originalValue": 0,
        "unit": "kb",
        "value": 0,
        "writable": false,
      },
      Object {
        "description": "File system read in kb",
        "factor": 1,
        "index": 4,
        "label": "E",
        "name": "fsWrite",
        "originalValue": 0,
        "unit": "kb",
        "value": 0,
        "writable": false,
      },
      Object {
        "description": "File system read in kb",
        "factor": 1,
        "index": 5,
        "label": "F",
        "name": "networkRead",
        "originalValue": 2,
        "unit": "kb",
        "value": 2,
        "writable": false,
      },
      Object {
        "description": "File system read in kb",
        "factor": 1,
        "index": 6,
        "label": "G",
        "name": "networkWrite",
        "originalValue": 2,
        "unit": "kb",
        "value": 2,
        "writable": false,
      },
      Object {
        "description": "Total load",
        "factor": 1,
        "index": 7,
        "label": "H",
        "name": "load",
        "originalValue": 47,
        "unit": "%",
        "value": 47,
        "writable": false,
      },
      Object {
        "description": "Load from user",
        "factor": 1,
        "index": 8,
        "label": "I",
        "name": "loadUser",
        "originalValue": 36,
        "unit": "%",
        "value": 36,
        "writable": false,
      },
      Object {
        "description": "Load from system",
        "factor": 1,
        "index": 9,
        "label": "J",
        "name": "loadSystem",
        "originalValue": 10,
        "unit": "%",
        "value": 10,
        "writable": false,
      },
      Object {
        "description": "Load for Nice",
        "factor": 1,
        "index": 10,
        "label": "K",
        "name": "loadNice",
        "originalValue": 0,
        "unit": "%",
        "value": 0,
        "writable": false,
      },
      Object {
        "description": "Idle percent of time",
        "factor": 1,
        "index": 11,
        "label": "L",
        "name": "loadIdle",
        "originalValue": 53,
        "unit": "%",
        "value": 53,
        "writable": false,
      },
      Object {
        "description": "Load due to IRQ",
        "factor": 1,
        "index": 12,
        "label": "M",
        "name": "loadIrq",
        "originalValue": 1,
        "unit": "%",
        "value": 1,
        "writable": false,
      },
      Object {
        "description": "Minimal percent spaced used in a filesystem",
        "factor": 1,
        "index": 13,
        "label": "N",
        "name": "fsMinUsed",
        "originalValue": 17,
        "unit": "%",
        "value": 17,
        "writable": false,
      },
      Object {
        "description": "Maximal percent spaced used in a filesystem",
        "factor": 1,
        "index": 14,
        "label": "O",
        "name": "fsMaxUsed",
        "originalValue": 64,
        "unit": "%",
        "value": 64,
        "writable": false,
      },
      Object {
        "factor": 1,
        "index": 15,
        "label": "P",
        "originalValue": undefined,
        "value": undefined,
        "variable": "P",
      },
    ],
  },
  Object {
    "deviceId": 1234,
    "epoch": 1534586823000,
    "eventId": 0,
    "eventValue": 0,
    "id": 65539,
    "parameters": Object {
      "A": Object {
        "description": "",
        "factor": 100,
        "index": 0,
        "label": "A",
        "name": "cpuTemperature",
        "originalValue": 71,
        "unit": "°C",
        "value": 0.71,
        "writable": false,
      },
      "B": Object {
        "description": "Free memory in percent",
        "factor": 1,
        "index": 1,
        "label": "B",
        "name": "memFree",
        "originalValue": 15,
        "unit": "%",
        "value": 15,
        "writable": false,
      },
      "C": Object {
        "description": "Free swap in percent",
        "factor": 1,
        "index": 2,
        "label": "C",
        "name": "swapFree",
        "originalValue": 56,
        "unit": "%",
        "value": 56,
        "writable": false,
      },
      "D": Object {
        "description": "File system read in kb",
        "factor": 1,
        "index": 3,
        "label": "D",
        "name": "fsRead",
        "originalValue": 0,
        "unit": "kb",
        "value": 0,
        "writable": false,
      },
      "E": Object {
        "description": "File system read in kb",
        "factor": 1,
        "index": 4,
        "label": "E",
        "name": "fsWrite",
        "originalValue": 0,
        "unit": "kb",
        "value": 0,
        "writable": false,
      },
      "F": Object {
        "description": "File system read in kb",
        "factor": 1,
        "index": 5,
        "label": "F",
        "name": "networkRead",
        "originalValue": 1,
        "unit": "kb",
        "value": 1,
        "writable": false,
      },
      "G": Object {
        "description": "File system read in kb",
        "factor": 1,
        "index": 6,
        "label": "G",
        "name": "networkWrite",
        "originalValue": 1,
        "unit": "kb",
        "value": 1,
        "writable": false,
      },
      "H": Object {
        "description": "Total load",
        "factor": 1,
        "index": 7,
        "label": "H",
        "name": "load",
        "originalValue": 67,
        "unit": "%",
        "value": 67,
        "writable": false,
      },
      "I": Object {
        "description": "Load from user",
        "factor": 1,
        "index": 8,
        "label": "I",
        "name": "loadUser",
        "originalValue": 50,
        "unit": "%",
        "value": 50,
        "writable": false,
      },
      "J": Object {
        "description": "Load from system",
        "factor": 1,
        "index": 9,
        "label": "J",
        "name": "loadSystem",
        "originalValue": 15,
        "unit": "%",
        "value": 15,
        "writable": false,
      },
      "K": Object {
        "description": "Load for Nice",
        "factor": 1,
        "index": 10,
        "label": "K",
        "name": "loadNice",
        "originalValue": 0,
        "unit": "%",
        "value": 0,
        "writable": false,
      },
      "L": Object {
        "description": "Idle percent of time",
        "factor": 1,
        "index": 11,
        "label": "L",
        "name": "loadIdle",
        "originalValue": 33,
        "unit": "%",
        "value": 33,
        "writable": false,
      },
      "M": Object {
        "description": "Load due to IRQ",
        "factor": 1,
        "index": 12,
        "label": "M",
        "name": "loadIrq",
        "originalValue": 2,
        "unit": "%",
        "value": 2,
        "writable": false,
      },
      "N": Object {
        "description": "Minimal percent spaced used in a filesystem",
        "factor": 1,
        "index": 13,
        "label": "N",
        "name": "fsMinUsed",
        "originalValue": 17,
        "unit": "%",
        "value": 17,
        "writable": false,
      },
      "O": Object {
        "description": "Maximal percent spaced used in a filesystem",
        "factor": 1,
        "index": 14,
        "label": "O",
        "name": "fsMaxUsed",
        "originalValue": 64,
        "unit": "%",
        "value": 64,
        "writable": false,
      },
      "P": Object {
        "factor": 1,
        "index": 15,
        "label": "P",
        "originalValue": undefined,
        "value": undefined,
        "variable": "P",
      },
    },
    "parametersArray": Array [
      Object {
        "description": "",
        "factor": 100,
        "index": 0,
        "label": "A",
        "name": "cpuTemperature",
        "originalValue": 71,
        "unit": "°C",
        "value": 0.71,
        "writable": false,
      },
      Object {
        "description": "Free memory in percent",
        "factor": 1,
        "index": 1,
        "label": "B",
        "name": "memFree",
        "originalValue": 15,
        "unit": "%",
        "value": 15,
        "writable": false,
      },
      Object {
        "description": "Free swap in percent",
        "factor": 1,
        "index": 2,
        "label": "C",
        "name": "swapFree",
        "originalValue": 56,
        "unit": "%",
        "value": 56,
        "writable": false,
      },
      Object {
        "description": "File system read in kb",
        "factor": 1,
        "index": 3,
        "label": "D",
        "name": "fsRead",
        "originalValue": 0,
        "unit": "kb",
        "value": 0,
        "writable": false,
      },
      Object {
        "description": "File system read in kb",
        "factor": 1,
        "index": 4,
        "label": "E",
        "name": "fsWrite",
        "originalValue": 0,
        "unit": "kb",
        "value": 0,
        "writable": false,
      },
      Object {
        "description": "File system read in kb",
        "factor": 1,
        "index": 5,
        "label": "F",
        "name": "networkRead",
        "originalValue": 1,
        "unit": "kb",
        "value": 1,
        "writable": false,
      },
      Object {
        "description": "File system read in kb",
        "factor": 1,
        "index": 6,
        "label": "G",
        "name": "networkWrite",
        "originalValue": 1,
        "unit": "kb",
        "value": 1,
        "writable": false,
      },
      Object {
        "description": "Total load",
        "factor": 1,
        "index": 7,
        "label": "H",
        "name": "load",
        "originalValue": 67,
        "unit": "%",
        "value": 67,
        "writable": false,
      },
      Object {
        "description": "Load from user",
        "factor": 1,
        "index": 8,
        "label": "I",
        "name": "loadUser",
        "originalValue": 50,
        "unit": "%",
        "value": 50,
        "writable": false,
      },
      Object {
        "description": "Load from system",
        "factor": 1,
        "index": 9,
        "label": "J",
        "name": "loadSystem",
        "originalValue": 15,
        "unit": "%",
        "value": 15,
        "writable": false,
      },
      Object {
        "description": "Load for Nice",
        "factor": 1,
        "index": 10,
        "label": "K",
        "name": "loadNice",
        "originalValue": 0,
        "unit": "%",
        "value": 0,
        "writable": false,
      },
      Object {
        "description": "Idle percent of time",
        "factor": 1,
        "index": 11,
        "label": "L",
        "name": "loadIdle",
        "originalValue": 33,
        "unit": "%",
        "value": 33,
        "writable": false,
      },
      Object {
        "description": "Load due to IRQ",
        "factor": 1,
        "index": 12,
        "label": "M",
        "name": "loadIrq",
        "originalValue": 2,
        "unit": "%",
        "value": 2,
        "writable": false,
      },
      Object {
        "description": "Minimal percent spaced used in a filesystem",
        "factor": 1,
        "index": 13,
        "label": "N",
        "name": "fsMinUsed",
        "originalValue": 17,
        "unit": "%",
        "value": 17,
        "writable": false,
      },
      Object {
        "description": "Maximal percent spaced used in a filesystem",
        "factor": 1,
        "index": 14,
        "label": "O",
        "name": "fsMaxUsed",
        "originalValue": 64,
        "unit": "%",
        "value": 64,
        "writable": false,
      },
      Object {
        "factor": 1,
        "index": 15,
        "label": "P",
        "originalValue": undefined,
        "value": undefined,
        "variable": "P",
      },
    ],
  },
  Object {
    "deviceId": 1234,
    "epoch": 1534586827000,
    "eventId": 0,
    "eventValue": 0,
    "id": 65540,
    "parameters": Object {
      "A": Object {
        "description": "",
        "factor": 100,
        "index": 0,
        "label": "A",
        "name": "cpuTemperature",
        "originalValue": 70,
        "unit": "°C",
        "value": 0.7,
        "writable": false,
      },
      "B": Object {
        "description": "Free memory in percent",
        "factor": 1,
        "index": 1,
        "label": "B",
        "name": "memFree",
        "originalValue": 15,
        "unit": "%",
        "value": 15,
        "writable": false,
      },
      "C": Object {
        "description": "Free swap in percent",
        "factor": 1,
        "index": 2,
        "label": "C",
        "name": "swapFree",
        "originalValue": 56,
        "unit": "%",
        "value": 56,
        "writable": false,
      },
      "D": Object {
        "description": "File system read in kb",
        "factor": 1,
        "index": 3,
        "label": "D",
        "name": "fsRead",
        "originalValue": 0,
        "unit": "kb",
        "value": 0,
        "writable": false,
      },
      "E": Object {
        "description": "File system read in kb",
        "factor": 1,
        "index": 4,
        "label": "E",
        "name": "fsWrite",
        "originalValue": 0,
        "unit": "kb",
        "value": 0,
        "writable": false,
      },
      "F": Object {
        "description": "File system read in kb",
        "factor": 1,
        "index": 5,
        "label": "F",
        "name": "networkRead",
        "originalValue": 0,
        "unit": "kb",
        "value": 0,
        "writable": false,
      },
      "G": Object {
        "description": "File system read in kb",
        "factor": 1,
        "index": 6,
        "label": "G",
        "name": "networkWrite",
        "originalValue": 0,
        "unit": "kb",
        "value": 0,
        "writable": false,
      },
      "H": Object {
        "description": "Total load",
        "factor": 1,
        "index": 7,
        "label": "H",
        "name": "load",
        "originalValue": 40,
        "unit": "%",
        "value": 40,
        "writable": false,
      },
      "I": Object {
        "description": "Load from user",
        "factor": 1,
        "index": 8,
        "label": "I",
        "name": "loadUser",
        "originalValue": 32,
        "unit": "%",
        "value": 32,
        "writable": false,
      },
      "J": Object {
        "description": "Load from system",
        "factor": 1,
        "index": 9,
        "label": "J",
        "name": "loadSystem",
        "originalValue": 7,
        "unit": "%",
        "value": 7,
        "writable": false,
      },
      "K": Object {
        "description": "Load for Nice",
        "factor": 1,
        "index": 10,
        "label": "K",
        "name": "loadNice",
        "originalValue": 0,
        "unit": "%",
        "value": 0,
        "writable": false,
      },
      "L": Object {
        "description": "Idle percent of time",
        "factor": 1,
        "index": 11,
        "label": "L",
        "name": "loadIdle",
        "originalValue": 60,
        "unit": "%",
        "value": 60,
        "writable": false,
      },
      "M": Object {
        "description": "Load due to IRQ",
        "factor": 1,
        "index": 12,
        "label": "M",
        "name": "loadIrq",
        "originalValue": 0,
        "unit": "%",
        "value": 0,
        "writable": false,
      },
      "N": Object {
        "description": "Minimal percent spaced used in a filesystem",
        "factor": 1,
        "index": 13,
        "label": "N",
        "name": "fsMinUsed",
        "originalValue": 17,
        "unit": "%",
        "value": 17,
        "writable": false,
      },
      "O": Object {
        "description": "Maximal percent spaced used in a filesystem",
        "factor": 1,
        "index": 14,
        "label": "O",
        "name": "fsMaxUsed",
        "originalValue": 64,
        "unit": "%",
        "value": 64,
        "writable": false,
      },
      "P": Object {
        "factor": 1,
        "index": 15,
        "label": "P",
        "originalValue": undefined,
        "value": undefined,
        "variable": "P",
      },
    },
    "parametersArray": Array [
      Object {
        "description": "",
        "factor": 100,
        "index": 0,
        "label": "A",
        "name": "cpuTemperature",
        "originalValue": 70,
        "unit": "°C",
        "value": 0.7,
        "writable": false,
      },
      Object {
        "description": "Free memory in percent",
        "factor": 1,
        "index": 1,
        "label": "B",
        "name": "memFree",
        "originalValue": 15,
        "unit": "%",
        "value": 15,
        "writable": false,
      },
      Object {
        "description": "Free swap in percent",
        "factor": 1,
        "index": 2,
        "label": "C",
        "name": "swapFree",
        "originalValue": 56,
        "unit": "%",
        "value": 56,
        "writable": false,
      },
      Object {
        "description": "File system read in kb",
        "factor": 1,
        "index": 3,
        "label": "D",
        "name": "fsRead",
        "originalValue": 0,
        "unit": "kb",
        "value": 0,
        "writable": false,
      },
      Object {
        "description": "File system read in kb",
        "factor": 1,
        "index": 4,
        "label": "E",
        "name": "fsWrite",
        "originalValue": 0,
        "unit": "kb",
        "value": 0,
        "writable": false,
      },
      Object {
        "description": "File system read in kb",
        "factor": 1,
        "index": 5,
        "label": "F",
        "name": "networkRead",
        "originalValue": 0,
        "unit": "kb",
        "value": 0,
        "writable": false,
      },
      Object {
        "description": "File system read in kb",
        "factor": 1,
        "index": 6,
        "label": "G",
        "name": "networkWrite",
        "originalValue": 0,
        "unit": "kb",
        "value": 0,
        "writable": false,
      },
      Object {
        "description": "Total load",
        "factor": 1,
        "index": 7,
        "label": "H",
        "name": "load",
        "originalValue": 40,
        "unit": "%",
        "value": 40,
        "writable": false,
      },
      Object {
        "description": "Load from user",
        "factor": 1,
        "index": 8,
        "label": "I",
        "name": "loadUser",
        "originalValue": 32,
        "unit": "%",
        "value": 32,
        "writable": false,
      },
      Object {
        "description": "Load from system",
        "factor": 1,
        "index": 9,
        "label": "J",
        "name": "loadSystem",
        "originalValue": 7,
        "unit": "%",
        "value": 7,
        "writable": false,
      },
      Object {
        "description": "Load for Nice",
        "factor": 1,
        "index": 10,
        "label": "K",
        "name": "loadNice",
        "originalValue": 0,
        "unit": "%",
        "value": 0,
        "writable": false,
      },
      Object {
        "description": "Idle percent of time",
        "factor": 1,
        "index": 11,
        "label": "L",
        "name": "loadIdle",
        "originalValue": 60,
        "unit": "%",
        "value": 60,
        "writable": false,
      },
      Object {
        "description": "Load due to IRQ",
        "factor": 1,
        "index": 12,
        "label": "M",
        "name": "loadIrq",
        "originalValue": 0,
        "unit": "%",
        "value": 0,
        "writable": false,
      },
      Object {
        "description": "Minimal percent spaced used in a filesystem",
        "factor": 1,
        "index": 13,
        "label": "N",
        "name": "fsMinUsed",
        "originalValue": 17,
        "unit": "%",
        "value": 17,
        "writable": false,
      },
      Object {
        "description": "Maximal percent spaced used in a filesystem",
        "factor": 1,
        "index": 14,
        "label": "O",
        "name": "fsMaxUsed",
        "originalValue": 64,
        "unit": "%",
        "value": 64,
        "writable": false,
      },
      Object {
        "factor": 1,
        "index": 15,
        "label": "P",
        "originalValue": undefined,
        "value": undefined,
        "variable": "P",
      },
    ],
  },
  Object {
    "deviceId": 1234,
    "epoch": 1534586830000,
    "eventId": 0,
    "eventValue": 0,
    "id": 65541,
    "parameters": Object {
      "A": Object {
        "description": "",
        "factor": 100,
        "index": 0,
        "label": "A",
        "name": "cpuTemperature",
        "originalValue": 71,
        "unit": "°C",
        "value": 0.71,
        "writable": false,
      },
      "B": Object {
        "description": "Free memory in percent",
        "factor": 1,
        "index": 1,
        "label": "B",
        "name": "memFree",
        "originalValue": 14,
        "unit": "%",
        "value": 14,
        "writable": false,
      },
      "C": Object {
        "description": "Free swap in percent",
        "factor": 1,
        "index": 2,
        "label": "C",
        "name": "swapFree",
        "originalValue": 56,
        "unit": "%",
        "value": 56,
        "writable": false,
      },
      "D": Object {
        "description": "File system read in kb",
        "factor": 1,
        "index": 3,
        "label": "D",
        "name": "fsRead",
        "originalValue": 0,
        "unit": "kb",
        "value": 0,
        "writable": false,
      },
      "E": Object {
        "description": "File system read in kb",
        "factor": 1,
        "index": 4,
        "label": "E",
        "name": "fsWrite",
        "originalValue": 0,
        "unit": "kb",
        "value": 0,
        "writable": false,
      },
      "F": Object {
        "description": "File system read in kb",
        "factor": 1,
        "index": 5,
        "label": "F",
        "name": "networkRead",
        "originalValue": 0,
        "unit": "kb",
        "value": 0,
        "writable": false,
      },
      "G": Object {
        "description": "File system read in kb",
        "factor": 1,
        "index": 6,
        "label": "G",
        "name": "networkWrite",
        "originalValue": 0,
        "unit": "kb",
        "value": 0,
        "writable": false,
      },
      "H": Object {
        "description": "Total load",
        "factor": 1,
        "index": 7,
        "label": "H",
        "name": "load",
        "originalValue": 35,
        "unit": "%",
        "value": 35,
        "writable": false,
      },
      "I": Object {
        "description": "Load from user",
        "factor": 1,
        "index": 8,
        "label": "I",
        "name": "loadUser",
        "originalValue": 28,
        "unit": "%",
        "value": 28,
        "writable": false,
      },
      "J": Object {
        "description": "Load from system",
        "factor": 1,
        "index": 9,
        "label": "J",
        "name": "loadSystem",
        "originalValue": 7,
        "unit": "%",
        "value": 7,
        "writable": false,
      },
      "K": Object {
        "description": "Load for Nice",
        "factor": 1,
        "index": 10,
        "label": "K",
        "name": "loadNice",
        "originalValue": 0,
        "unit": "%",
        "value": 0,
        "writable": false,
      },
      "L": Object {
        "description": "Idle percent of time",
        "factor": 1,
        "index": 11,
        "label": "L",
        "name": "loadIdle",
        "originalValue": 65,
        "unit": "%",
        "value": 65,
        "writable": false,
      },
      "M": Object {
        "description": "Load due to IRQ",
        "factor": 1,
        "index": 12,
        "label": "M",
        "name": "loadIrq",
        "originalValue": 0,
        "unit": "%",
        "value": 0,
        "writable": false,
      },
      "N": Object {
        "description": "Minimal percent spaced used in a filesystem",
        "factor": 1,
        "index": 13,
        "label": "N",
        "name": "fsMinUsed",
        "originalValue": 17,
        "unit": "%",
        "value": 17,
        "writable": false,
      },
      "O": Object {
        "description": "Maximal percent spaced used in a filesystem",
        "factor": 1,
        "index": 14,
        "label": "O",
        "name": "fsMaxUsed",
        "originalValue": 64,
        "unit": "%",
        "value": 64,
        "writable": false,
      },
      "P": Object {
        "factor": 1,
        "index": 15,
        "label": "P",
        "originalValue": undefined,
        "value": undefined,
        "variable": "P",
      },
    },
    "parametersArray": Array [
      Object {
        "description": "",
        "factor": 100,
        "index": 0,
        "label": "A",
        "name": "cpuTemperature",
        "originalValue": 71,
        "unit": "°C",
        "value": 0.71,
        "writable": false,
      },
      Object {
        "description": "Free memory in percent",
        "factor": 1,
        "index": 1,
        "label": "B",
        "name": "memFree",
        "originalValue": 14,
        "unit": "%",
        "value": 14,
        "writable": false,
      },
      Object {
        "description": "Free swap in percent",
        "factor": 1,
        "index": 2,
        "label": "C",
        "name": "swapFree",
        "originalValue": 56,
        "unit": "%",
        "value": 56,
        "writable": false,
      },
      Object {
        "description": "File system read in kb",
        "factor": 1,
        "index": 3,
        "label": "D",
        "name": "fsRead",
        "originalValue": 0,
        "unit": "kb",
        "value": 0,
        "writable": false,
      },
      Object {
        "description": "File system read in kb",
        "factor": 1,
        "index": 4,
        "label": "E",
        "name": "fsWrite",
        "originalValue": 0,
        "unit": "kb",
        "value": 0,
        "writable": false,
      },
      Object {
        "description": "File system read in kb",
        "factor": 1,
        "index": 5,
        "label": "F",
        "name": "networkRead",
        "originalValue": 0,
        "unit": "kb",
        "value": 0,
        "writable": false,
      },
      Object {
        "description": "File system read in kb",
        "factor": 1,
        "index": 6,
        "label": "G",
        "name": "networkWrite",
        "originalValue": 0,
        "unit": "kb",
        "value": 0,
        "writable": false,
      },
      Object {
        "description": "Total load",
        "factor": 1,
        "index": 7,
        "label": "H",
        "name": "load",
        "originalValue": 35,
        "unit": "%",
        "value": 35,
        "writable": false,
      },
      Object {
        "description": "Load from user",
        "factor": 1,
        "index": 8,
        "label": "I",
        "name": "loadUser",
        "originalValue": 28,
        "unit": "%",
        "value": 28,
        "writable": false,
      },
      Object {
        "description": "Load from system",
        "factor": 1,
        "index": 9,
        "label": "J",
        "name": "loadSystem",
        "originalValue": 7,
        "unit": "%",
        "value": 7,
        "writable": false,
      },
      Object {
        "description": "Load for Nice",
        "factor": 1,
        "index": 10,
        "label": "K",
        "name": "loadNice",
        "originalValue": 0,
        "unit": "%",
        "value": 0,
        "writable": false,
      },
      Object {
        "description": "Idle percent of time",
        "factor": 1,
        "index": 11,
        "label": "L",
        "name": "loadIdle",
        "originalValue": 65,
        "unit": "%",
        "value": 65,
        "writable": false,
      },
      Object {
        "description": "Load due to IRQ",
        "factor": 1,
        "index": 12,
        "label": "M",
        "name": "loadIrq",
        "originalValue": 0,
        "unit": "%",
        "value": 0,
        "writable": false,
      },
      Object {
        "description": "Minimal percent spaced used in a filesystem",
        "factor": 1,
        "index": 13,
        "label": "N",
        "name": "fsMinUsed",
        "originalValue": 17,
        "unit": "%",
        "value": 17,
        "writable": false,
      },
      Object {
        "description": "Maximal percent spaced used in a filesystem",
        "factor": 1,
        "index": 14,
        "label": "O",
        "name": "fsMaxUsed",
        "originalValue": 64,
        "unit": "%",
        "value": 64,
        "writable": false,
      },
      Object {
        "factor": 1,
        "index": 15,
        "label": "P",
        "originalValue": undefined,
        "value": undefined,
        "variable": "P",
      },
    ],
  },
]
`;

exports[`parseMultilog flatten 1`] = `
Array [
  Object {
    "cpuTemperature": 0.7,
    "deviceId": 1234,
    "epoch": 1534586814000,
    "eventId": 0,
    "eventValue": 0,
    "fsMaxUsed": 64,
    "fsMinUsed": 17,
    "fsRead": 0,
    "fsWrite": 0,
    "id": 65536,
    "load": 19,
    "loadIdle": 81,
    "loadIrq": 1,
    "loadNice": 0,
    "loadSystem": 6,
    "loadUser": 12,
    "memFree": 14,
    "networkRead": 0,
    "networkWrite": 0,
    "swapFree": 56,
  },
  Object {
    "cpuTemperature": 0.7,
    "deviceId": 1234,
    "epoch": 1534586817000,
    "eventId": 0,
    "eventValue": 0,
    "fsMaxUsed": 64,
    "fsMinUsed": 17,
    "fsRead": 0,
    "fsWrite": 0,
    "id": 65537,
    "load": 68,
    "loadIdle": 32,
    "loadIrq": 2,
    "loadNice": 0,
    "loadSystem": 16,
    "loadUser": 50,
    "memFree": 14,
    "networkRead": 0,
    "networkWrite": 0,
    "swapFree": 56,
  },
  Object {
    "cpuTemperature": 0.71,
    "deviceId": 1234,
    "epoch": 1534586820000,
    "eventId": 0,
    "eventValue": 0,
    "fsMaxUsed": 64,
    "fsMinUsed": 17,
    "fsRead": 0,
    "fsWrite": 0,
    "id": 65538,
    "load": 47,
    "loadIdle": 53,
    "loadIrq": 1,
    "loadNice": 0,
    "loadSystem": 10,
    "loadUser": 36,
    "memFree": 14,
    "networkRead": 2,
    "networkWrite": 2,
    "swapFree": 56,
  },
  Object {
    "cpuTemperature": 0.71,
    "deviceId": 1234,
    "epoch": 1534586823000,
    "eventId": 0,
    "eventValue": 0,
    "fsMaxUsed": 64,
    "fsMinUsed": 17,
    "fsRead": 0,
    "fsWrite": 0,
    "id": 65539,
    "load": 67,
    "loadIdle": 33,
    "loadIrq": 2,
    "loadNice": 0,
    "loadSystem": 15,
    "loadUser": 50,
    "memFree": 15,
    "networkRead": 1,
    "networkWrite": 1,
    "swapFree": 56,
  },
  Object {
    "cpuTemperature": 0.7,
    "deviceId": 1234,
    "epoch": 1534586827000,
    "eventId": 0,
    "eventValue": 0,
    "fsMaxUsed": 64,
    "fsMinUsed": 17,
    "fsRead": 0,
    "fsWrite": 0,
    "id": 65540,
    "load": 40,
    "loadIdle": 60,
    "loadIrq": 0,
    "loadNice": 0,
    "loadSystem": 7,
    "loadUser": 32,
    "memFree": 15,
    "networkRead": 0,
    "networkWrite": 0,
    "swapFree": 56,
  },
  Object {
    "cpuTemperature": 0.71,
    "deviceId": 1234,
    "epoch": 1534586830000,
    "eventId": 0,
    "eventValue": 0,
    "fsMaxUsed": 64,
    "fsMinUsed": 17,
    "fsRead": 0,
    "fsWrite": 0,
    "id": 65541,
    "load": 35,
    "loadIdle": 65,
    "loadIrq": 0,
    "loadNice": 0,
    "loadSystem": 7,
    "loadUser": 28,
    "memFree": 14,
    "networkRead": 0,
    "networkWrite": 0,
    "swapFree": 56,
  },
]
`;

exports[`parseMultilog with null value 1`] = `
Array [
  Object {
    "deviceId": 1234,
    "epoch": 1534586814000,
    "eventId": 0,
    "eventValue": 0,
    "id": 65536,
    "parameters": Object {
      "B": 14,
      "C": 56,
      "D": 0,
      "E": 0,
      "F": 0,
      "G": 0,
      "H": 19,
      "I": 12,
      "J": 6,
      "K": 0,
      "L": 81,
      "M": 1,
      "N": 17,
      "O": 64,
    },
    "parametersArray": Array [
      undefined,
      14,
      56,
      0,
      0,
      0,
      0,
      19,
      12,
      6,
      0,
      81,
      1,
      17,
      64,
      undefined,
    ],
  },
]
`;
